lis2dh12_reg.c:49:9:lis2dh12_read_reg	40	static
lis2dh12_reg.c:67:9:lis2dh12_write_reg	40	static
lis2dh12_reg.c:87:9:lis2dh12_from_fs2_hr_to_mg	16	static
lis2dh12_reg.c:92:9:lis2dh12_from_fs4_hr_to_mg	16	static
lis2dh12_reg.c:97:9:lis2dh12_from_fs8_hr_to_mg	16	static
lis2dh12_reg.c:102:9:lis2dh12_from_fs16_hr_to_mg	16	static
lis2dh12_reg.c:107:9:lis2dh12_from_lsb_hr_to_celsius	16	static
lis2dh12_reg.c:112:9:lis2dh12_from_fs2_nm_to_mg	16	static
lis2dh12_reg.c:117:9:lis2dh12_from_fs4_nm_to_mg	16	static
lis2dh12_reg.c:122:9:lis2dh12_from_fs8_nm_to_mg	16	static
lis2dh12_reg.c:127:9:lis2dh12_from_fs16_nm_to_mg	16	static
lis2dh12_reg.c:132:9:lis2dh12_from_lsb_nm_to_celsius	16	static
lis2dh12_reg.c:137:9:lis2dh12_from_fs2_lp_to_mg	16	static
lis2dh12_reg.c:142:9:lis2dh12_from_fs4_lp_to_mg	16	static
lis2dh12_reg.c:147:9:lis2dh12_from_fs8_lp_to_mg	16	static
lis2dh12_reg.c:152:9:lis2dh12_from_fs16_lp_to_mg	16	static
lis2dh12_reg.c:157:9:lis2dh12_from_lsb_lp_to_celsius	16	static
lis2dh12_reg.c:182:9:lis2dh12_temp_status_reg_get	24	static
lis2dh12_reg.c:196:9:lis2dh12_temp_data_ready_get	24	static
lis2dh12_reg.c:215:9:lis2dh12_temp_data_ovr_get	24	static
lis2dh12_reg.c:234:9:lis2dh12_temperature_raw_get	24	static
lis2dh12_reg.c:253:9:lis2dh12_temperature_meas_set	24	static
lis2dh12_reg.c:275:9:lis2dh12_temperature_meas_get	24	static
lis2dh12_reg.c:305:9:lis2dh12_operating_mode_set	32	static
lis2dh12_reg.c:346:9:lis2dh12_operating_mode_get	32	static
lis2dh12_reg.c:374:9:lis2dh12_data_rate_set	24	static
lis2dh12_reg.c:395:9:lis2dh12_data_rate_get	24	static
lis2dh12_reg.c:448:9:lis2dh12_high_pass_on_outputs_set	24	static
lis2dh12_reg.c:470:9:lis2dh12_high_pass_on_outputs_get	24	static
lis2dh12_reg.c:495:9:lis2dh12_high_pass_bandwidth_set	24	static
lis2dh12_reg.c:523:9:lis2dh12_high_pass_bandwidth_get	24	static
lis2dh12_reg.c:558:9:lis2dh12_high_pass_mode_set	24	static
lis2dh12_reg.c:579:9:lis2dh12_high_pass_mode_get	24	static
lis2dh12_reg.c:613:9:lis2dh12_full_scale_set	24	static
lis2dh12_reg.c:634:9:lis2dh12_full_scale_get	24	static
lis2dh12_reg.c:668:9:lis2dh12_block_data_update_set	24	static
lis2dh12_reg.c:689:9:lis2dh12_block_data_update_get	24	static
lis2dh12_reg.c:709:9:lis2dh12_filter_reference_set	24	static
lis2dh12_reg.c:725:9:lis2dh12_filter_reference_get	24	static
lis2dh12_reg.c:739:9:lis2dh12_xl_data_ready_get	24	static
lis2dh12_reg.c:757:9:lis2dh12_xl_data_ovr_get	24	static
lis2dh12_reg.c:775:9:lis2dh12_acceleration_raw_get	32	static
lis2dh12_reg.c:810:9:lis2dh12_device_id_get	24	static
lis2dh12_reg.c:824:9:lis2dh12_self_test_set	24	static
lis2dh12_reg.c:845:9:lis2dh12_self_test_get	24	static
lis2dh12_reg.c:876:9:lis2dh12_data_format_set	24	static
lis2dh12_reg.c:897:9:lis2dh12_data_format_get	24	static
lis2dh12_reg.c:925:9:lis2dh12_boot_set	24	static
lis2dh12_reg.c:946:9:lis2dh12_boot_get	24	static
lis2dh12_reg.c:965:9:lis2dh12_status_get	24	static
lis2dh12_reg.c:992:9:lis2dh12_int1_gen_conf_set	24	static
lis2dh12_reg.c:1008:9:lis2dh12_int1_gen_conf_get	24	static
lis2dh12_reg.c:1024:9:lis2dh12_int1_gen_source_get	24	static
lis2dh12_reg.c:1041:9:lis2dh12_int1_gen_threshold_set	24	static
lis2dh12_reg.c:1064:9:lis2dh12_int1_gen_threshold_get	24	static
lis2dh12_reg.c:1084:9:lis2dh12_int1_gen_duration_set	24	static
lis2dh12_reg.c:1106:9:lis2dh12_int1_gen_duration_get	24	static
lis2dh12_reg.c:1138:9:lis2dh12_int2_gen_conf_set	24	static
lis2dh12_reg.c:1154:9:lis2dh12_int2_gen_conf_get	24	static
lis2dh12_reg.c:1169:9:lis2dh12_int2_gen_source_get	24	static
lis2dh12_reg.c:1186:9:lis2dh12_int2_gen_threshold_set	24	static
lis2dh12_reg.c:1209:9:lis2dh12_int2_gen_threshold_get	24	static
lis2dh12_reg.c:1229:9:lis2dh12_int2_gen_duration_set	24	static
lis2dh12_reg.c:1251:9:lis2dh12_int2_gen_duration_get	24	static
lis2dh12_reg.c:1282:9:lis2dh12_high_pass_int_conf_set	24	static
lis2dh12_reg.c:1304:9:lis2dh12_high_pass_int_conf_get	24	static
lis2dh12_reg.c:1351:9:lis2dh12_pin_int1_config_set	24	static
lis2dh12_reg.c:1367:9:lis2dh12_pin_int1_config_get	24	static
lis2dh12_reg.c:1384:9:lis2dh12_int2_pin_detect_4d_set	24	static
lis2dh12_reg.c:1406:9:lis2dh12_int2_pin_detect_4d_get	24	static
lis2dh12_reg.c:1427:9:lis2dh12_int2_pin_notification_mode_set	24	static
lis2dh12_reg.c:1451:9:lis2dh12_int2_pin_notification_mode_get	24	static
lis2dh12_reg.c:1481:9:lis2dh12_int1_pin_detect_4d_set	24	static
lis2dh12_reg.c:1503:9:lis2dh12_int1_pin_detect_4d_get	24	static
lis2dh12_reg.c:1523:9:lis2dh12_int1_pin_notification_mode_set	24	static
lis2dh12_reg.c:1546:9:lis2dh12_int1_pin_notification_mode_get	24	static
lis2dh12_reg.c:1575:9:lis2dh12_pin_int2_config_set	24	static
lis2dh12_reg.c:1591:9:lis2dh12_pin_int2_config_get	24	static
lis2dh12_reg.c:1618:9:lis2dh12_fifo_set	24	static
lis2dh12_reg.c:1639:9:lis2dh12_fifo_get	24	static
lis2dh12_reg.c:1658:9:lis2dh12_fifo_watermark_set	24	static
lis2dh12_reg.c:1679:9:lis2dh12_fifo_watermark_get	24	static
lis2dh12_reg.c:1698:9:lis2dh12_fifo_trigger_event_set	24	static
lis2dh12_reg.c:1720:9:lis2dh12_fifo_trigger_event_get	24	static
lis2dh12_reg.c:1749:9:lis2dh12_fifo_mode_set	24	static
lis2dh12_reg.c:1770:9:lis2dh12_fifo_mode_get	24	static
lis2dh12_reg.c:1804:9:lis2dh12_fifo_status_get	24	static
lis2dh12_reg.c:1819:9:lis2dh12_fifo_data_level_get	24	static
lis2dh12_reg.c:1837:9:lis2dh12_fifo_empty_flag_get	24	static
lis2dh12_reg.c:1855:9:lis2dh12_fifo_ovr_flag_get	24	static
lis2dh12_reg.c:1873:9:lis2dh12_fifo_fth_flag_get	24	static
lis2dh12_reg.c:1904:9:lis2dh12_tap_conf_set	24	static
lis2dh12_reg.c:1919:9:lis2dh12_tap_conf_get	24	static
lis2dh12_reg.c:1933:9:lis2dh12_tap_source_get	24	static
lis2dh12_reg.c:1948:9:lis2dh12_tap_threshold_set	24	static
lis2dh12_reg.c:1970:9:lis2dh12_tap_threshold_get	24	static
lis2dh12_reg.c:1992:9:lis2dh12_tap_notification_mode_set	24	static
lis2dh12_reg.c:2017:9:lis2dh12_tap_notification_mode_get	24	static
lis2dh12_reg.c:2048:9:lis2dh12_shock_dur_set	24	static
lis2dh12_reg.c:2071:9:lis2dh12_shock_dur_get	24	static
lis2dh12_reg.c:2093:9:lis2dh12_quiet_dur_set	24	static
lis2dh12_reg.c:2117:9:lis2dh12_quiet_dur_get	24	static
lis2dh12_reg.c:2139:9:lis2dh12_double_tap_timeout_set	24	static
lis2dh12_reg.c:2163:9:lis2dh12_double_tap_timeout_get	24	static
lis2dh12_reg.c:2197:9:lis2dh12_act_threshold_set	24	static
lis2dh12_reg.c:2220:9:lis2dh12_act_threshold_get	24	static
lis2dh12_reg.c:2240:9:lis2dh12_act_timeout_set	24	static
lis2dh12_reg.c:2262:9:lis2dh12_act_timeout_get	24	static
lis2dh12_reg.c:2294:9:lis2dh12_pin_sdo_sa0_mode_set	24	static
lis2dh12_reg.c:2316:9:lis2dh12_pin_sdo_sa0_mode_get	24	static
lis2dh12_reg.c:2345:9:lis2dh12_spi_mode_set	24	static
lis2dh12_reg.c:2366:9:lis2dh12_spi_mode_get	24	static
